// Jest Snapshot v1, https://goo.gl/fbAQLP

exports[`renders Map correctly 1`] = `
<section
  className="cities__map map"
  id="map"
/>
`;
